 -5.1000000000e-02  1.7660000000e+00  0.0000000000e+00  3.4061332599e-04  3.4061332599e-04  3.1277387101e-04  9.7543172869e-05  3.1277387101e-04  9.7543172869e-05
 -3.6999555556e-02  1.7800004444e+00  0.0000000000e+00  7.2782395551e-04  7.2782395551e-04  6.7125178694e-04  1.4245528009e-04  6.7125178694e-04  1.4245528009e-04
 -2.3000055556e-02  1.7939999444e+00  0.0000000000e+00  1.2626752053e-03  1.2626752053e-03  1.6465874397e-03  1.8810035678e-04  1.6465874397e-03  1.8810035678e-04
 -8.9996111111e-03  1.8080003889e+00  0.0000000000e+00  1.6175904788e-03  1.6175904788e-03  1.2724498790e-03  2.4699087148e-04  1.2724498790e-03  2.4699087148e-04
  4.9998888889e-03  1.8219998889e+00  0.0000000000e+00  1.4887798277e-03  1.4887798277e-03  1.4384244777e-03  2.0700306992e-04  1.4384244777e-03  2.0700306992e-04
  1.9000333333e-02  1.8360003333e+00  0.0000000000e+00  1.0347240667e-03  1.0347240667e-03  1.0402976897e-03  2.1703115774e-04  1.0402976897e-03  2.1703115774e-04
  4.7000277778e-02  1.8640002778e+00  0.0000000000e+00  9.0338534009e-04  9.0338534009e-04  9.3778373469e-04  1.8123248796e-04  9.3778373469e-04  1.8123248796e-04
  6.0999777778e-02  1.8779997778e+00  0.0000000000e+00  1.4364581307e-03  1.4364581307e-03  1.2800189369e-03  2.1991049695e-04  1.2800189369e-03  2.1991049695e-04
  7.5000222222e-02  1.8920002222e+00  0.0000000000e+00  1.7059001113e-03  1.7059001113e-03  1.7559659569e-03  2.5634752986e-04  1.7559659569e-03  2.5634752986e-04
  8.8999722222e-02  1.9059997222e+00  0.0000000000e+00  1.3383011350e-03  1.3383011350e-03  1.4342781484e-03  2.2510429289e-04  1.4342781484e-03  2.2510429289e-04
  1.1699966667e-01  1.9339996667e+00  0.0000000000e+00  5.4987627751e-04  5.4987627751e-04  5.3981713452e-04  1.8164269368e-04  5.3981713452e-04  1.8164269368e-04
  1.3100011111e-01  1.9480001111e+00  0.0000000000e+00  7.9894179011e-04  7.9894179011e-04  8.7721326866e-04  1.7159990973e-04  8.7721326866e-04  1.7159990973e-04
  1.4499961111e-01  1.9619996111e+00  0.0000000000e+00  1.4263483165e-03  1.4263483165e-03  1.3740833522e-03  2.1078530261e-04  1.3740833522e-03  2.1078530261e-04
  1.5900005556e-01  1.9760000556e+00  0.0000000000e+00  2.1512686156e-03  2.1512686156e-03  2.2814253401e-03  2.7608902461e-04  2.2814253401e-03  2.7608902461e-04
  1.7299955556e-01  1.9899995556e+00  0.0000000000e+00  2.4754014790e-03  2.4754014790e-03  2.6337301467e-03  3.0111763573e-04  2.6337301467e-03  3.0111763573e-04
  1.8700000000e-01  2.0040000000e+00  0.0000000000e+00  2.1646386247e-03  2.1646386247e-03  2.0856508481e-03  2.7572639761e-04  2.0856508481e-03  2.7572639761e-04
  2.0100044444e-01  2.0180004444e+00  0.0000000000e+00  1.5985163441e-03  1.5985163441e-03  1.3463750855e-03  2.1603641346e-04  1.3463750855e-03  2.1603641346e-04
  2.1499994444e-01  2.0319999444e+00  0.0000000000e+00  1.3032003965e-03  1.3032003965e-03  1.2923458669e-03  2.7210747567e-04  1.2923458669e-03  2.7210747567e-04
  2.2900038889e-01  2.0460003889e+00  0.0000000000e+00  1.3263706584e-03  1.3263706584e-03  1.5231498700e-03  2.4091365444e-04  1.5231498700e-03  2.4091365444e-04
  2.4299988889e-01  2.0599998889e+00  0.0000000000e+00  1.2789359188e-03  1.2789359188e-03  1.3884956629e-03  2.2650648737e-04  1.3884956629e-03  2.2650648737e-04
  2.5700033333e-01  2.0740003333e+00  0.0000000000e+00  9.4224087334e-04  9.4224087334e-04  7.4114988649e-04  1.6158008849e-04  7.4114988649e-04  1.6158008849e-04
  2.7099983333e-01  2.0879998333e+00  0.0000000000e+00  5.2574181185e-04  5.2574181185e-04  5.9023845337e-04  1.5239886516e-04  5.9023845337e-04  1.5239886516e-04
  2.8500027778e-01  2.1020002778e+00  0.0000000000e+00  2.6057536524e-04  2.6057536524e-04  3.2784750756e-04  1.0928244129e-04  3.2784750756e-04  1.0928244129e-04


